// Jest Snapshot v1, https://goo.gl/fbAQLP

exports[`Generic Modal renders correctly 1`] = `
<div
  TransitionComponent={[Function]}
  className="MuiDialog-root MuiModal-root css-zw3mfo-MuiModal-root-MuiDialog-root"
  name="test"
  onClick={[Function]}
  onKeyDown={[Function]}
  role="presentation"
>
  <div
    data-testid="sentinelStart"
    onFocus={[Function]}
    tabIndex={0}
  />
  <div
    className="MuiDialog-container MuiDialog-scrollPaper css-hz1bth-MuiDialog-container"
    onMouseDown={[Function]}
  >
    <div
      aria-labelledby=":r0:"
      className="MuiPaper-root MuiPaper-elevation MuiPaper-rounded MuiPaper-elevation24 MuiDialog-paper MuiDialog-paperScrollPaper MuiDialog-paperWidthSm css-1t1j96h-MuiPaper-root-MuiDialog-paper"
      role="dialog"
    >
      <div
        className="MuiBox-root css-1qqrgcw"
      >
        <h3
          className="MuiTypography-root MuiTypography-h3 css-gepadz-MuiTypography-root"
          id="modal-id-title"
        >
          title
        </h3>
        <div
          className="MuiBox-root css-1w2p18d"
        >
          desc
        </div>
      </div>
    </div>
  </div>
  <div
    data-testid="sentinelEnd"
    onFocus={[Function]}
    tabIndex={0}
  />
</div>
`;
